// Jest Snapshot v1, https://goo.gl/fbAQLP

exports[`Navbar test should render header correctly 1`] = `
Object {
  "asFragment": [Function],
  "baseElement": <body>
    <div>
      <li
        class="col-span-1 bg-light p-3 text-white"
      >
        <div
          class="flex justify-between"
        >
          <div>
            <p
              class="text-2xl py-1"
            >
              New Zealand
            </p>
            <p
              class="font-bold"
            >
              Africa
            </p>
          </div>
          <div
            class="w-24 h-24"
          >
            <img
              alt="country-flag"
              height="100%"
              src=""
              width="100%"
            />
          </div>
        </div>
        <div
          class="flex justify-between items-center"
        >
          <p
            class="mt-5"
          >
            <span
              class=""
            >
               Population: 
            </span>
            <span
              class="text-2xl font-bold"
            >
              456.78K
            </span>
          </p>
          <button
            class="text-2xl"
            type="button"
          >
            <svg
              fill="currentColor"
              height="1em"
              stroke="currentColor"
              stroke-width="0"
              viewBox="0 0 16 16"
              width="1em"
              xmlns="http://www.w3.org/2000/svg"
            >
              <path
                d="M1 8a7 7 0 1 0 14 0A7 7 0 0 0 1 8zm15 0A8 8 0 1 1 0 8a8 8 0 0 1 16 0zM4.5 7.5a.5.5 0 0 0 0 1h5.793l-2.147 2.146a.5.5 0 0 0 .708.708l3-3a.5.5 0 0 0 0-.708l-3-3a.5.5 0 1 0-.708.708L10.293 7.5H4.5z"
                fill-rule="evenodd"
              />
            </svg>
          </button>
        </div>
      </li>
    </div>
  </body>,
  "container": <div>
    <li
      class="col-span-1 bg-light p-3 text-white"
    >
      <div
        class="flex justify-between"
      >
        <div>
          <p
            class="text-2xl py-1"
          >
            New Zealand
          </p>
          <p
            class="font-bold"
          >
            Africa
          </p>
        </div>
        <div
          class="w-24 h-24"
        >
          <img
            alt="country-flag"
            height="100%"
            src=""
            width="100%"
          />
        </div>
      </div>
      <div
        class="flex justify-between items-center"
      >
        <p
          class="mt-5"
        >
          <span
            class=""
          >
             Population: 
          </span>
          <span
            class="text-2xl font-bold"
          >
            456.78K
          </span>
        </p>
        <button
          class="text-2xl"
          type="button"
        >
          <svg
            fill="currentColor"
            height="1em"
            stroke="currentColor"
            stroke-width="0"
            viewBox="0 0 16 16"
            width="1em"
            xmlns="http://www.w3.org/2000/svg"
          >
            <path
              d="M1 8a7 7 0 1 0 14 0A7 7 0 0 0 1 8zm15 0A8 8 0 1 1 0 8a8 8 0 0 1 16 0zM4.5 7.5a.5.5 0 0 0 0 1h5.793l-2.147 2.146a.5.5 0 0 0 .708.708l3-3a.5.5 0 0 0 0-.708l-3-3a.5.5 0 1 0-.708.708L10.293 7.5H4.5z"
              fill-rule="evenodd"
            />
          </svg>
        </button>
      </div>
    </li>
  </div>,
  "debug": [Function],
  "findAllByAltText": [Function],
  "findAllByDisplayValue": [Function],
  "findAllByLabelText": [Function],
  "findAllByPlaceholderText": [Function],
  "findAllByRole": [Function],
  "findAllByTestId": [Function],
  "findAllByText": [Function],
  "findAllByTitle": [Function],
  "findByAltText": [Function],
  "findByDisplayValue": [Function],
  "findByLabelText": [Function],
  "findByPlaceholderText": [Function],
  "findByRole": [Function],
  "findByTestId": [Function],
  "findByText": [Function],
  "findByTitle": [Function],
  "getAllByAltText": [Function],
  "getAllByDisplayValue": [Function],
  "getAllByLabelText": [Function],
  "getAllByPlaceholderText": [Function],
  "getAllByRole": [Function],
  "getAllByTestId": [Function],
  "getAllByText": [Function],
  "getAllByTitle": [Function],
  "getByAltText": [Function],
  "getByDisplayValue": [Function],
  "getByLabelText": [Function],
  "getByPlaceholderText": [Function],
  "getByRole": [Function],
  "getByTestId": [Function],
  "getByText": [Function],
  "getByTitle": [Function],
  "queryAllByAltText": [Function],
  "queryAllByDisplayValue": [Function],
  "queryAllByLabelText": [Function],
  "queryAllByPlaceholderText": [Function],
  "queryAllByRole": [Function],
  "queryAllByTestId": [Function],
  "queryAllByText": [Function],
  "queryAllByTitle": [Function],
  "queryByAltText": [Function],
  "queryByDisplayValue": [Function],
  "queryByLabelText": [Function],
  "queryByPlaceholderText": [Function],
  "queryByRole": [Function],
  "queryByTestId": [Function],
  "queryByText": [Function],
  "queryByTitle": [Function],
  "rerender": [Function],
  "unmount": [Function],
}
`;
