// Jest Snapshot v1, https://goo.gl/fbAQLP

exports[`Navbar test should render header correctly 1`] = `
<p
  class="text-white font-bold text-2xl"
>
  Countries Catalogue
</p>
`;
